MPLINK 4.49, Linker
Linker Map File - Created Mon Nov 19 13:52:38 2018

                                 Section Info
                  Section       Type    Address   Location Size(Bytes)
                ---------  ---------  ---------  ---------  ---------
                   .org_0       code   0x000000    program   0x000000
                   .org_1       code   0x000000    program   0x000002
                   .org_2       code   0x000004    program   0x0000a4



                              Program Memory Usage 
                               Start         End      
                           ---------   ---------      
                            0x000000    0x000000      
                            0x000004    0x000055      
            83 out of 8454 program addresses used, program memory utilization is 0%



                              Symbols - Sorted by Name
                     Name    Address   Location    Storage File                     
                ---------  ---------  ---------  --------- ---------                
             ADRESH_ISLEM   0x000020    program     static D:\mikroislemciler\2018GuzDonemi\4.deney\deney-4.asm
             ADRESL_ISLEM   0x000024    program     static D:\mikroislemciler\2018GuzDonemi\4.deney\deney-4.asm
                ANA_METOT   0x000027    program     static D:\mikroislemciler\2018GuzDonemi\4.deney\deney-4.asm
         DONUSTURME_METOT   0x00004a    program     static D:\mikroislemciler\2018GuzDonemi\4.deney\deney-4.asm
                  GECIKME   0x00004d    program     static D:\mikroislemciler\2018GuzDonemi\4.deney\deney-4.asm
              KESME_METOT   0x000005    program     static D:\mikroislemciler\2018GuzDonemi\4.deney\deney-4.asm
                  KONTROL   0x00004c    program     static D:\mikroislemciler\2018GuzDonemi\4.deney\deney-4.asm
                  TEKRAR1   0x00004f    program     static D:\mikroislemciler\2018GuzDonemi\4.deney\deney-4.asm
                  TEKRAR2   0x000051    program     static D:\mikroislemciler\2018GuzDonemi\4.deney\deney-4.asm



                              Symbols - Sorted by Address
                     Name    Address   Location    Storage File                     
                ---------  ---------  ---------  --------- ---------                
              KESME_METOT   0x000005    program     static D:\mikroislemciler\2018GuzDonemi\4.deney\deney-4.asm
             ADRESH_ISLEM   0x000020    program     static D:\mikroislemciler\2018GuzDonemi\4.deney\deney-4.asm
             ADRESL_ISLEM   0x000024    program     static D:\mikroislemciler\2018GuzDonemi\4.deney\deney-4.asm
                ANA_METOT   0x000027    program     static D:\mikroislemciler\2018GuzDonemi\4.deney\deney-4.asm
         DONUSTURME_METOT   0x00004a    program     static D:\mikroislemciler\2018GuzDonemi\4.deney\deney-4.asm
                  KONTROL   0x00004c    program     static D:\mikroislemciler\2018GuzDonemi\4.deney\deney-4.asm
                  GECIKME   0x00004d    program     static D:\mikroislemciler\2018GuzDonemi\4.deney\deney-4.asm
                  TEKRAR1   0x00004f    program     static D:\mikroislemciler\2018GuzDonemi\4.deney\deney-4.asm
                  TEKRAR2   0x000051    program     static D:\mikroislemciler\2018GuzDonemi\4.deney\deney-4.asm


